Archive member included to satisfy reference by file (symbol)

/home/gireesh/programs/stm32cubeide/plugins/com.st.stm32cube.ide.mcu.externaltools.gnu-tools-for-stm32.7-2018-q2-update.linux64_1.4.0.202007081208/tools/bin/../lib/gcc/arm-none-eabi/7.3.1/../../../../arm-none-eabi/lib/thumb/v7e-m/fpv5/hard/libc_nano.a(lib_a-errno.o)
                              Src/syscalls.o (__errno)
/home/gireesh/programs/stm32cubeide/plugins/com.st.stm32cube.ide.mcu.externaltools.gnu-tools-for-stm32.7-2018-q2-update.linux64_1.4.0.202007081208/tools/bin/../lib/gcc/arm-none-eabi/7.3.1/../../../../arm-none-eabi/lib/thumb/v7e-m/fpv5/hard/libc_nano.a(lib_a-exit.o)
                              /home/gireesh/programs/stm32cubeide/plugins/com.st.stm32cube.ide.mcu.externaltools.gnu-tools-for-stm32.7-2018-q2-update.linux64_1.4.0.202007081208/tools/bin/../lib/gcc/arm-none-eabi/7.3.1/../../../../arm-none-eabi/lib/thumb/v7e-m/fpv5/hard/crt0.o (exit)
/home/gireesh/programs/stm32cubeide/plugins/com.st.stm32cube.ide.mcu.externaltools.gnu-tools-for-stm32.7-2018-q2-update.linux64_1.4.0.202007081208/tools/bin/../lib/gcc/arm-none-eabi/7.3.1/../../../../arm-none-eabi/lib/thumb/v7e-m/fpv5/hard/libc_nano.a(lib_a-impure.o)
                              /home/gireesh/programs/stm32cubeide/plugins/com.st.stm32cube.ide.mcu.externaltools.gnu-tools-for-stm32.7-2018-q2-update.linux64_1.4.0.202007081208/tools/bin/../lib/gcc/arm-none-eabi/7.3.1/../../../../arm-none-eabi/lib/thumb/v7e-m/fpv5/hard/libc_nano.a(lib_a-exit.o) (_global_impure_ptr)
/home/gireesh/programs/stm32cubeide/plugins/com.st.stm32cube.ide.mcu.externaltools.gnu-tools-for-stm32.7-2018-q2-update.linux64_1.4.0.202007081208/tools/bin/../lib/gcc/arm-none-eabi/7.3.1/../../../../arm-none-eabi/lib/thumb/v7e-m/fpv5/hard/libc_nano.a(lib_a-init.o)
                              /home/gireesh/programs/stm32cubeide/plugins/com.st.stm32cube.ide.mcu.externaltools.gnu-tools-for-stm32.7-2018-q2-update.linux64_1.4.0.202007081208/tools/bin/../lib/gcc/arm-none-eabi/7.3.1/../../../../arm-none-eabi/lib/thumb/v7e-m/fpv5/hard/crt0.o (__libc_init_array)
/home/gireesh/programs/stm32cubeide/plugins/com.st.stm32cube.ide.mcu.externaltools.gnu-tools-for-stm32.7-2018-q2-update.linux64_1.4.0.202007081208/tools/bin/../lib/gcc/arm-none-eabi/7.3.1/../../../../arm-none-eabi/lib/thumb/v7e-m/fpv5/hard/libc_nano.a(lib_a-memset.o)
                              /home/gireesh/programs/stm32cubeide/plugins/com.st.stm32cube.ide.mcu.externaltools.gnu-tools-for-stm32.7-2018-q2-update.linux64_1.4.0.202007081208/tools/bin/../lib/gcc/arm-none-eabi/7.3.1/../../../../arm-none-eabi/lib/thumb/v7e-m/fpv5/hard/crt0.o (memset)

Discarded input sections

 .text          0x0000000000000000        0x0 /home/gireesh/programs/stm32cubeide/plugins/com.st.stm32cube.ide.mcu.externaltools.gnu-tools-for-stm32.7-2018-q2-update.linux64_1.4.0.202007081208/tools/bin/../lib/gcc/arm-none-eabi/7.3.1/thumb/v7e-m/fpv5/hard/crti.o
 .data          0x0000000000000000        0x0 /home/gireesh/programs/stm32cubeide/plugins/com.st.stm32cube.ide.mcu.externaltools.gnu-tools-for-stm32.7-2018-q2-update.linux64_1.4.0.202007081208/tools/bin/../lib/gcc/arm-none-eabi/7.3.1/thumb/v7e-m/fpv5/hard/crti.o
 .bss           0x0000000000000000        0x0 /home/gireesh/programs/stm32cubeide/plugins/com.st.stm32cube.ide.mcu.externaltools.gnu-tools-for-stm32.7-2018-q2-update.linux64_1.4.0.202007081208/tools/bin/../lib/gcc/arm-none-eabi/7.3.1/thumb/v7e-m/fpv5/hard/crti.o
 .data          0x0000000000000000        0x4 /home/gireesh/programs/stm32cubeide/plugins/com.st.stm32cube.ide.mcu.externaltools.gnu-tools-for-stm32.7-2018-q2-update.linux64_1.4.0.202007081208/tools/bin/../lib/gcc/arm-none-eabi/7.3.1/thumb/v7e-m/fpv5/hard/crtbegin.o
 .text          0x0000000000000000       0x74 /home/gireesh/programs/stm32cubeide/plugins/com.st.stm32cube.ide.mcu.externaltools.gnu-tools-for-stm32.7-2018-q2-update.linux64_1.4.0.202007081208/tools/bin/../lib/gcc/arm-none-eabi/7.3.1/../../../../arm-none-eabi/lib/thumb/v7e-m/fpv5/hard/crt0.o
 .data          0x0000000000000000        0x0 /home/gireesh/programs/stm32cubeide/plugins/com.st.stm32cube.ide.mcu.externaltools.gnu-tools-for-stm32.7-2018-q2-update.linux64_1.4.0.202007081208/tools/bin/../lib/gcc/arm-none-eabi/7.3.1/../../../../arm-none-eabi/lib/thumb/v7e-m/fpv5/hard/crt0.o
 .bss           0x0000000000000000        0x0 /home/gireesh/programs/stm32cubeide/plugins/com.st.stm32cube.ide.mcu.externaltools.gnu-tools-for-stm32.7-2018-q2-update.linux64_1.4.0.202007081208/tools/bin/../lib/gcc/arm-none-eabi/7.3.1/../../../../arm-none-eabi/lib/thumb/v7e-m/fpv5/hard/crt0.o
 .ARM.extab     0x0000000000000000        0x0 /home/gireesh/programs/stm32cubeide/plugins/com.st.stm32cube.ide.mcu.externaltools.gnu-tools-for-stm32.7-2018-q2-update.linux64_1.4.0.202007081208/tools/bin/../lib/gcc/arm-none-eabi/7.3.1/../../../../arm-none-eabi/lib/thumb/v7e-m/fpv5/hard/crt0.o
 .ARM.exidx     0x0000000000000000        0x8 /home/gireesh/programs/stm32cubeide/plugins/com.st.stm32cube.ide.mcu.externaltools.gnu-tools-for-stm32.7-2018-q2-update.linux64_1.4.0.202007081208/tools/bin/../lib/gcc/arm-none-eabi/7.3.1/../../../../arm-none-eabi/lib/thumb/v7e-m/fpv5/hard/crt0.o
 .ARM.attributes
                0x0000000000000000       0x1e /home/gireesh/programs/stm32cubeide/plugins/com.st.stm32cube.ide.mcu.externaltools.gnu-tools-for-stm32.7-2018-q2-update.linux64_1.4.0.202007081208/tools/bin/../lib/gcc/arm-none-eabi/7.3.1/../../../../arm-none-eabi/lib/thumb/v7e-m/fpv5/hard/crt0.o
 .group         0x0000000000000000        0xc Src/main.o
 .group         0x0000000000000000        0xc Src/main.o
 .group         0x0000000000000000        0xc Src/main.o
 .group         0x0000000000000000        0xc Src/main.o
 .group         0x0000000000000000        0xc Src/main.o
 .group         0x0000000000000000        0xc Src/main.o
 .group         0x0000000000000000        0xc Src/main.o
 .group         0x0000000000000000        0xc Src/main.o
 .text          0x0000000000000000        0x0 Src/main.o
 .data          0x0000000000000000        0x0 Src/main.o
 .bss           0x0000000000000000        0x0 Src/main.o
 .group         0x0000000000000000        0xc Src/syscalls.o
 .group         0x0000000000000000        0xc Src/syscalls.o
 .group         0x0000000000000000        0xc Src/syscalls.o
 .group         0x0000000000000000        0xc Src/syscalls.o
 .group         0x0000000000000000        0xc Src/syscalls.o
 .group         0x0000000000000000        0xc Src/syscalls.o
 .group         0x0000000000000000        0xc Src/syscalls.o
 .group         0x0000000000000000        0xc Src/syscalls.o
 .group         0x0000000000000000        0xc Src/syscalls.o
 .group         0x0000000000000000        0xc Src/syscalls.o
 .group         0x0000000000000000        0xc Src/syscalls.o
 .group         0x0000000000000000        0xc Src/syscalls.o
 .group         0x0000000000000000        0xc Src/syscalls.o
 .group         0x0000000000000000        0xc Src/syscalls.o
 .group         0x0000000000000000        0xc Src/syscalls.o
 .group         0x0000000000000000        0xc Src/syscalls.o
 .group         0x0000000000000000        0xc Src/syscalls.o
 .group         0x0000000000000000        0xc Src/syscalls.o
 .group         0x0000000000000000        0xc Src/syscalls.o
 .group         0x0000000000000000        0xc Src/syscalls.o
 .group         0x0000000000000000        0xc Src/syscalls.o
 .group         0x0000000000000000        0xc Src/syscalls.o
 .group         0x0000000000000000        0xc Src/syscalls.o
 .group         0x0000000000000000        0xc Src/syscalls.o
 .group         0x0000000000000000        0xc Src/syscalls.o
 .group         0x0000000000000000        0xc Src/syscalls.o
 .group         0x0000000000000000        0xc Src/syscalls.o
 .group         0x0000000000000000        0xc Src/syscalls.o
 .group         0x0000000000000000        0xc Src/syscalls.o
 .group         0x0000000000000000        0xc Src/syscalls.o
 .group         0x0000000000000000        0xc Src/syscalls.o
 .group         0x0000000000000000        0xc Src/syscalls.o
 .group         0x0000000000000000        0xc Src/syscalls.o
 .group         0x0000000000000000        0xc Src/syscalls.o
 .group         0x0000000000000000        0xc Src/syscalls.o
 .group         0x0000000000000000        0xc Src/syscalls.o
 .group         0x0000000000000000        0xc Src/syscalls.o
 .group         0x0000000000000000        0xc Src/syscalls.o
 .group         0x0000000000000000        0xc Src/syscalls.o
 .group         0x0000000000000000        0xc Src/syscalls.o
 .group         0x0000000000000000        0xc Src/syscalls.o
 .group         0x0000000000000000        0xc Src/syscalls.o
 .group         0x0000000000000000        0xc Src/syscalls.o
 .group         0x0000000000000000        0xc Src/syscalls.o
 .text          0x0000000000000000        0x0 Src/syscalls.o
 .data          0x0000000000000000        0x0 Src/syscalls.o
 .bss           0x0000000000000000        0x0 Src/syscalls.o
 .bss.__env     0x0000000000000000        0x4 Src/syscalls.o
 .data.environ  0x0000000000000000        0x4 Src/syscalls.o
 .text.initialise_monitor_handles
                0x0000000000000000        0xe Src/syscalls.o
 .text._getpid  0x0000000000000000       0x10 Src/syscalls.o
 .text._kill    0x0000000000000000       0x20 Src/syscalls.o
 .text._exit    0x0000000000000000       0x14 Src/syscalls.o
 .text._read    0x0000000000000000       0x3a Src/syscalls.o
 .text._write   0x0000000000000000       0x38 Src/syscalls.o
 .text._close   0x0000000000000000       0x18 Src/syscalls.o
 .text._fstat   0x0000000000000000       0x20 Src/syscalls.o
 .text._isatty  0x0000000000000000       0x16 Src/syscalls.o
 .text._lseek   0x0000000000000000       0x1a Src/syscalls.o
 .text._open    0x0000000000000000       0x1c Src/syscalls.o
 .text._wait    0x0000000000000000       0x1e Src/syscalls.o
 .text._unlink  0x0000000000000000       0x1e Src/syscalls.o
 .text._times   0x0000000000000000       0x18 Src/syscalls.o
 .text._stat    0x0000000000000000       0x20 Src/syscalls.o
 .text._link    0x0000000000000000       0x20 Src/syscalls.o
 .text._fork    0x0000000000000000       0x16 Src/syscalls.o
 .text._execve  0x0000000000000000       0x22 Src/syscalls.o
 .debug_info    0x0000000000000000      0xebd Src/syscalls.o
 .debug_abbrev  0x0000000000000000      0x261 Src/syscalls.o
 .debug_aranges
                0x0000000000000000       0xa8 Src/syscalls.o
 .debug_ranges  0x0000000000000000       0x98 Src/syscalls.o
 .debug_macro   0x0000000000000000      0x243 Src/syscalls.o
 .debug_macro   0x0000000000000000      0xa6c Src/syscalls.o
 .debug_macro   0x0000000000000000       0x22 Src/syscalls.o
 .debug_macro   0x0000000000000000       0x40 Src/syscalls.o
 .debug_macro   0x0000000000000000       0x17 Src/syscalls.o
 .debug_macro   0x0000000000000000       0x94 Src/syscalls.o
 .debug_macro   0x0000000000000000       0x3c Src/syscalls.o
 .debug_macro   0x0000000000000000       0x34 Src/syscalls.o
 .debug_macro   0x0000000000000000       0x57 Src/syscalls.o
 .debug_macro   0x0000000000000000      0x174 Src/syscalls.o
 .debug_macro   0x0000000000000000      0x330 Src/syscalls.o
 .debug_macro   0x0000000000000000       0x52 Src/syscalls.o
 .debug_macro   0x0000000000000000       0x1f Src/syscalls.o
 .debug_macro   0x0000000000000000       0x43 Src/syscalls.o
 .debug_macro   0x0000000000000000       0x20 Src/syscalls.o
 .debug_macro   0x0000000000000000      0x1a3 Src/syscalls.o
 .debug_macro   0x0000000000000000       0x10 Src/syscalls.o
 .debug_macro   0x0000000000000000       0x35 Src/syscalls.o
 .debug_macro   0x0000000000000000       0x10 Src/syscalls.o
 .debug_macro   0x0000000000000000       0x10 Src/syscalls.o
 .debug_macro   0x0000000000000000       0x10 Src/syscalls.o
 .debug_macro   0x0000000000000000       0x6a Src/syscalls.o
 .debug_macro   0x0000000000000000       0x1c Src/syscalls.o
 .debug_macro   0x0000000000000000       0x52 Src/syscalls.o
 .debug_macro   0x0000000000000000       0x40 Src/syscalls.o
 .debug_macro   0x0000000000000000       0x10 Src/syscalls.o
 .debug_macro   0x0000000000000000       0x40 Src/syscalls.o
 .debug_macro   0x0000000000000000       0xd7 Src/syscalls.o
 .debug_macro   0x0000000000000000       0x1c Src/syscalls.o
 .debug_macro   0x0000000000000000       0x3d Src/syscalls.o
 .debug_macro   0x0000000000000000       0x35 Src/syscalls.o
 .debug_macro   0x0000000000000000      0x122 Src/syscalls.o
 .debug_macro   0x0000000000000000       0x16 Src/syscalls.o
 .debug_macro   0x0000000000000000       0x16 Src/syscalls.o
 .debug_macro   0x0000000000000000       0x29 Src/syscalls.o
 .debug_macro   0x0000000000000000       0x10 Src/syscalls.o
 .debug_macro   0x0000000000000000      0x241 Src/syscalls.o
 .debug_macro   0x0000000000000000       0x1c Src/syscalls.o
 .debug_macro   0x0000000000000000       0x10 Src/syscalls.o
 .debug_macro   0x0000000000000000       0x10 Src/syscalls.o
 .debug_macro   0x0000000000000000       0x16 Src/syscalls.o
 .debug_macro   0x0000000000000000      0x145 Src/syscalls.o
 .debug_macro   0x0000000000000000      0x189 Src/syscalls.o
 .debug_macro   0x0000000000000000       0x16 Src/syscalls.o
 .debug_macro   0x0000000000000000       0x88 Src/syscalls.o
 .debug_line    0x0000000000000000      0x739 Src/syscalls.o
 .debug_str     0x0000000000000000     0x88b5 Src/syscalls.o
 .comment       0x0000000000000000       0x7c Src/syscalls.o
 .debug_frame   0x0000000000000000      0x2ac Src/syscalls.o
 .ARM.attributes
                0x0000000000000000       0x37 Src/syscalls.o
 .group         0x0000000000000000        0xc Src/sysmem.o
 .group         0x0000000000000000        0xc Src/sysmem.o
 .group         0x0000000000000000        0xc Src/sysmem.o
 .group         0x0000000000000000        0xc Src/sysmem.o
 .group         0x0000000000000000        0xc Src/sysmem.o
 .group         0x0000000000000000        0xc Src/sysmem.o
 .group         0x0000000000000000        0xc Src/sysmem.o
 .group         0x0000000000000000        0xc Src/sysmem.o
 .group         0x0000000000000000        0xc Src/sysmem.o
 .group         0x0000000000000000        0xc Src/sysmem.o
 .group         0x0000000000000000        0xc Src/sysmem.o
 .group         0x0000000000000000        0xc Src/sysmem.o
 .group         0x0000000000000000        0xc Src/sysmem.o
 .group         0x0000000000000000        0xc Src/sysmem.o
 .group         0x0000000000000000        0xc Src/sysmem.o
 .group         0x0000000000000000        0xc Src/sysmem.o
 .group         0x0000000000000000        0xc Src/sysmem.o
 .group         0x0000000000000000        0xc Src/sysmem.o
 .group         0x0000000000000000        0xc Src/sysmem.o
 .text          0x0000000000000000        0x0 Src/sysmem.o
 .data          0x0000000000000000        0x0 Src/sysmem.o
 .bss           0x0000000000000000        0x0 Src/sysmem.o
 .bss.__sbrk_heap_end
                0x0000000000000000        0x4 Src/sysmem.o
 .text._sbrk    0x0000000000000000       0x6c Src/sysmem.o
 .debug_info    0x0000000000000000      0x985 Src/sysmem.o
 .debug_abbrev  0x0000000000000000      0x19b Src/sysmem.o
 .debug_aranges
                0x0000000000000000       0x20 Src/sysmem.o
 .debug_ranges  0x0000000000000000       0x10 Src/sysmem.o
 .debug_macro   0x0000000000000000       0xee Src/sysmem.o
 .debug_macro   0x0000000000000000      0xa6c Src/sysmem.o
 .debug_macro   0x0000000000000000       0x10 Src/sysmem.o
 .debug_macro   0x0000000000000000       0x22 Src/sysmem.o
 .debug_macro   0x0000000000000000       0x40 Src/sysmem.o
 .debug_macro   0x0000000000000000       0x17 Src/sysmem.o
 .debug_macro   0x0000000000000000       0x94 Src/sysmem.o
 .debug_macro   0x0000000000000000       0x3c Src/sysmem.o
 .debug_macro   0x0000000000000000       0x34 Src/sysmem.o
 .debug_macro   0x0000000000000000      0x174 Src/sysmem.o
 .debug_macro   0x0000000000000000       0x57 Src/sysmem.o
 .debug_macro   0x0000000000000000       0x52 Src/sysmem.o
 .debug_macro   0x0000000000000000       0x1f Src/sysmem.o
 .debug_macro   0x0000000000000000       0x43 Src/sysmem.o
 .debug_macro   0x0000000000000000       0x20 Src/sysmem.o
 .debug_macro   0x0000000000000000      0x1a3 Src/sysmem.o
 .debug_macro   0x0000000000000000      0x23b Src/sysmem.o
 .debug_macro   0x0000000000000000       0xef Src/sysmem.o
 .debug_macro   0x0000000000000000       0x6a Src/sysmem.o
 .debug_macro   0x0000000000000000      0x1df Src/sysmem.o
 .debug_line    0x0000000000000000      0x4c2 Src/sysmem.o
 .debug_str     0x0000000000000000     0x5f83 Src/sysmem.o
 .comment       0x0000000000000000       0x7c Src/sysmem.o
 .debug_frame   0x0000000000000000       0x34 Src/sysmem.o
 .ARM.attributes
                0x0000000000000000       0x37 Src/sysmem.o
 .text          0x0000000000000000       0x14 Startup/startup_stm32f767zitx.o
 .data          0x0000000000000000        0x0 Startup/startup_stm32f767zitx.o
 .bss           0x0000000000000000        0x0 Startup/startup_stm32f767zitx.o
 .group         0x0000000000000000        0xc drivers/src/stm32f767xx.o
 .group         0x0000000000000000        0xc drivers/src/stm32f767xx.o
 .group         0x0000000000000000        0xc drivers/src/stm32f767xx.o
 .group         0x0000000000000000        0xc drivers/src/stm32f767xx.o
 .group         0x0000000000000000        0xc drivers/src/stm32f767xx.o
 .group         0x0000000000000000        0xc drivers/src/stm32f767xx.o
 .group         0x0000000000000000        0xc drivers/src/stm32f767xx.o
 .group         0x0000000000000000        0xc drivers/src/stm32f767xx.o
 .text          0x0000000000000000        0x0 drivers/src/stm32f767xx.o
 .data          0x0000000000000000        0x0 drivers/src/stm32f767xx.o
 .bss           0x0000000000000000        0x0 drivers/src/stm32f767xx.o
 .debug_macro   0x0000000000000000      0xa96 drivers/src/stm32f767xx.o
 .debug_macro   0x0000000000000000       0x22 drivers/src/stm32f767xx.o
 .debug_macro   0x0000000000000000       0x8e drivers/src/stm32f767xx.o
 .debug_macro   0x0000000000000000       0x51 drivers/src/stm32f767xx.o
 .debug_macro   0x0000000000000000      0x103 drivers/src/stm32f767xx.o
 .debug_macro   0x0000000000000000       0x6a drivers/src/stm32f767xx.o
 .debug_macro   0x0000000000000000      0x1df drivers/src/stm32f767xx.o
 .debug_macro   0x0000000000000000      0x2dc drivers/src/stm32f767xx.o
 .group         0x0000000000000000        0xc drivers/src/stm32f767xx_gpio.o
 .group         0x0000000000000000        0xc drivers/src/stm32f767xx_gpio.o
 .group         0x0000000000000000        0xc drivers/src/stm32f767xx_gpio.o
 .group         0x0000000000000000        0xc drivers/src/stm32f767xx_gpio.o
 .group         0x0000000000000000        0xc drivers/src/stm32f767xx_gpio.o
 .group         0x0000000000000000        0xc drivers/src/stm32f767xx_gpio.o
 .group         0x0000000000000000        0xc drivers/src/stm32f767xx_gpio.o
 .group         0x0000000000000000        0xc drivers/src/stm32f767xx_gpio.o
 .text          0x0000000000000000        0x0 drivers/src/stm32f767xx_gpio.o
 .data          0x0000000000000000        0x0 drivers/src/stm32f767xx_gpio.o
 .bss           0x0000000000000000        0x0 drivers/src/stm32f767xx_gpio.o
 .text.RCC_GPIO_DeInit
                0x0000000000000000      0x174 drivers/src/stm32f767xx_gpio.o
 .text.GPIO_ReadFromPort
                0x0000000000000000       0x1a drivers/src/stm32f767xx_gpio.o
 .text.GPIO_ReadFromPin
                0x0000000000000000       0x2a drivers/src/stm32f767xx_gpio.o
 .text.GPIO_WriteToPort
                0x0000000000000000       0x1e drivers/src/stm32f767xx_gpio.o
 .text.GPIO_WriteToPin
                0x0000000000000000       0x4a drivers/src/stm32f767xx_gpio.o
 .debug_macro   0x0000000000000000      0xa96 drivers/src/stm32f767xx_gpio.o
 .debug_macro   0x0000000000000000       0x22 drivers/src/stm32f767xx_gpio.o
 .debug_macro   0x0000000000000000       0x8e drivers/src/stm32f767xx_gpio.o
 .debug_macro   0x0000000000000000       0x51 drivers/src/stm32f767xx_gpio.o
 .debug_macro   0x0000000000000000      0x103 drivers/src/stm32f767xx_gpio.o
 .debug_macro   0x0000000000000000       0x6a drivers/src/stm32f767xx_gpio.o
 .debug_macro   0x0000000000000000      0x1df drivers/src/stm32f767xx_gpio.o
 .debug_macro   0x0000000000000000      0x2dc drivers/src/stm32f767xx_gpio.o
 .group         0x0000000000000000        0xc drivers/src/stm32f7xx_spi.o
 .group         0x0000000000000000        0xc drivers/src/stm32f7xx_spi.o
 .group         0x0000000000000000        0xc drivers/src/stm32f7xx_spi.o
 .group         0x0000000000000000        0xc drivers/src/stm32f7xx_spi.o
 .group         0x0000000000000000        0xc drivers/src/stm32f7xx_spi.o
 .group         0x0000000000000000        0xc drivers/src/stm32f7xx_spi.o
 .group         0x0000000000000000        0xc drivers/src/stm32f7xx_spi.o
 .group         0x0000000000000000        0xc drivers/src/stm32f7xx_spi.o
 .text          0x0000000000000000        0x0 drivers/src/stm32f7xx_spi.o
 .data          0x0000000000000000        0x0 drivers/src/stm32f7xx_spi.o
 .bss           0x0000000000000000        0x0 drivers/src/stm32f7xx_spi.o
 .text.SPI_Init
                0x0000000000000000       0xae drivers/src/stm32f7xx_spi.o
 .text.SPI_DeInit
                0x0000000000000000       0xdc drivers/src/stm32f7xx_spi.o
 .text.RCC_SPI_ClkCtrl
                0x0000000000000000      0x11c drivers/src/stm32f7xx_spi.o
 .text.SPI_SendData
                0x0000000000000000       0x76 drivers/src/stm32f7xx_spi.o
 .debug_info    0x0000000000000000      0x5d1 drivers/src/stm32f7xx_spi.o
 .debug_abbrev  0x0000000000000000       0xe5 drivers/src/stm32f7xx_spi.o
 .debug_aranges
                0x0000000000000000       0x38 drivers/src/stm32f7xx_spi.o
 .debug_ranges  0x0000000000000000       0x28 drivers/src/stm32f7xx_spi.o
 .debug_macro   0x0000000000000000       0x70 drivers/src/stm32f7xx_spi.o
 .debug_macro   0x0000000000000000      0xa6c drivers/src/stm32f7xx_spi.o
 .debug_macro   0x0000000000000000       0x22 drivers/src/stm32f7xx_spi.o
 .debug_macro   0x0000000000000000       0x8e drivers/src/stm32f7xx_spi.o
 .debug_macro   0x0000000000000000       0x51 drivers/src/stm32f7xx_spi.o
 .debug_macro   0x0000000000000000       0xef drivers/src/stm32f7xx_spi.o
 .debug_macro   0x0000000000000000       0x6a drivers/src/stm32f7xx_spi.o
 .debug_macro   0x0000000000000000      0x1df drivers/src/stm32f7xx_spi.o
 .debug_macro   0x0000000000000000      0x2dc drivers/src/stm32f7xx_spi.o
 .debug_line    0x0000000000000000      0x47d drivers/src/stm32f7xx_spi.o
 .debug_str     0x0000000000000000     0x517d drivers/src/stm32f7xx_spi.o
 .comment       0x0000000000000000       0x7c drivers/src/stm32f7xx_spi.o
 .debug_frame   0x0000000000000000       0xb0 drivers/src/stm32f7xx_spi.o
 .ARM.attributes
                0x0000000000000000       0x37 drivers/src/stm32f7xx_spi.o
 .text          0x0000000000000000        0x0 /home/gireesh/programs/stm32cubeide/plugins/com.st.stm32cube.ide.mcu.externaltools.gnu-tools-for-stm32.7-2018-q2-update.linux64_1.4.0.202007081208/tools/bin/../lib/gcc/arm-none-eabi/7.3.1/../../../../arm-none-eabi/lib/thumb/v7e-m/fpv5/hard/libc_nano.a(lib_a-errno.o)
 .data          0x0000000000000000        0x0 /home/gireesh/programs/stm32cubeide/plugins/com.st.stm32cube.ide.mcu.externaltools.gnu-tools-for-stm32.7-2018-q2-update.linux64_1.4.0.202007081208/tools/bin/../lib/gcc/arm-none-eabi/7.3.1/../../../../arm-none-eabi/lib/thumb/v7e-m/fpv5/hard/libc_nano.a(lib_a-errno.o)
 .bss           0x0000000000000000        0x0 /home/gireesh/programs/stm32cubeide/plugins/com.st.stm32cube.ide.mcu.externaltools.gnu-tools-for-stm32.7-2018-q2-update.linux64_1.4.0.202007081208/tools/bin/../lib/gcc/arm-none-eabi/7.3.1/../../../../arm-none-eabi/lib/thumb/v7e-m/fpv5/hard/libc_nano.a(lib_a-errno.o)
 .text.__errno  0x0000000000000000        0xc /home/gireesh/programs/stm32cubeide/plugins/com.st.stm32cube.ide.mcu.externaltools.gnu-tools-for-stm32.7-2018-q2-update.linux64_1.4.0.202007081208/tools/bin/../lib/gcc/arm-none-eabi/7.3.1/../../../../arm-none-eabi/lib/thumb/v7e-m/fpv5/hard/libc_nano.a(lib_a-errno.o)
 .debug_frame   0x0000000000000000       0x20 /home/gireesh/programs/stm32cubeide/plugins/com.st.stm32cube.ide.mcu.externaltools.gnu-tools-for-stm32.7-2018-q2-update.linux64_1.4.0.202007081208/tools/bin/../lib/gcc/arm-none-eabi/7.3.1/../../../../arm-none-eabi/lib/thumb/v7e-m/fpv5/hard/libc_nano.a(lib_a-errno.o)
 .ARM.attributes
                0x0000000000000000       0x32 /home/gireesh/programs/stm32cubeide/plugins/com.st.stm32cube.ide.mcu.externaltools.gnu-tools-for-stm32.7-2018-q2-update.linux64_1.4.0.202007081208/tools/bin/../lib/gcc/arm-none-eabi/7.3.1/../../../../arm-none-eabi/lib/thumb/v7e-m/fpv5/hard/libc_nano.a(lib_a-errno.o)
 .text          0x0000000000000000        0x0 /home/gireesh/programs/stm32cubeide/plugins/com.st.stm32cube.ide.mcu.externaltools.gnu-tools-for-stm32.7-2018-q2-update.linux64_1.4.0.202007081208/tools/bin/../lib/gcc/arm-none-eabi/7.3.1/../../../../arm-none-eabi/lib/thumb/v7e-m/fpv5/hard/libc_nano.a(lib_a-exit.o)
 .data          0x0000000000000000        0x0 /home/gireesh/programs/stm32cubeide/plugins/com.st.stm32cube.ide.mcu.externaltools.gnu-tools-for-stm32.7-2018-q2-update.linux64_1.4.0.202007081208/tools/bin/../lib/gcc/arm-none-eabi/7.3.1/../../../../arm-none-eabi/lib/thumb/v7e-m/fpv5/hard/libc_nano.a(lib_a-exit.o)
 .bss           0x0000000000000000        0x0 /home/gireesh/programs/stm32cubeide/plugins/com.st.stm32cube.ide.mcu.externaltools.gnu-tools-for-stm32.7-2018-q2-update.linux64_1.4.0.202007081208/tools/bin/../lib/gcc/arm-none-eabi/7.3.1/../../../../arm-none-eabi/lib/thumb/v7e-m/fpv5/hard/libc_nano.a(lib_a-exit.o)
 .text.exit     0x0000000000000000       0x28 /home/gireesh/programs/stm32cubeide/plugins/com.st.stm32cube.ide.mcu.externaltools.gnu-tools-for-stm32.7-2018-q2-update.linux64_1.4.0.202007081208/tools/bin/../lib/gcc/arm-none-eabi/7.3.1/../../../../arm-none-eabi/lib/thumb/v7e-m/fpv5/hard/libc_nano.a(lib_a-exit.o)
 .debug_frame   0x0000000000000000       0x28 /home/gireesh/programs/stm32cubeide/plugins/com.st.stm32cube.ide.mcu.externaltools.gnu-tools-for-stm32.7-2018-q2-update.linux64_1.4.0.202007081208/tools/bin/../lib/gcc/arm-none-eabi/7.3.1/../../../../arm-none-eabi/lib/thumb/v7e-m/fpv5/hard/libc_nano.a(lib_a-exit.o)
 .ARM.attributes
                0x0000000000000000       0x32 /home/gireesh/programs/stm32cubeide/plugins/com.st.stm32cube.ide.mcu.externaltools.gnu-tools-for-stm32.7-2018-q2-update.linux64_1.4.0.202007081208/tools/bin/../lib/gcc/arm-none-eabi/7.3.1/../../../../arm-none-eabi/lib/thumb/v7e-m/fpv5/hard/libc_nano.a(lib_a-exit.o)
 .text          0x0000000000000000        0x0 /home/gireesh/programs/stm32cubeide/plugins/com.st.stm32cube.ide.mcu.externaltools.gnu-tools-for-stm32.7-2018-q2-update.linux64_1.4.0.202007081208/tools/bin/../lib/gcc/arm-none-eabi/7.3.1/../../../../arm-none-eabi/lib/thumb/v7e-m/fpv5/hard/libc_nano.a(lib_a-impure.o)
 .data          0x0000000000000000        0x0 /home/gireesh/programs/stm32cubeide/plugins/com.st.stm32cube.ide.mcu.externaltools.gnu-tools-for-stm32.7-2018-q2-update.linux64_1.4.0.202007081208/tools/bin/../lib/gcc/arm-none-eabi/7.3.1/../../../../arm-none-eabi/lib/thumb/v7e-m/fpv5/hard/libc_nano.a(lib_a-impure.o)
 .bss           0x0000000000000000        0x0 /home/gireesh/programs/stm32cubeide/plugins/com.st.stm32cube.ide.mcu.externaltools.gnu-tools-for-stm32.7-2018-q2-update.linux64_1.4.0.202007081208/tools/bin/../lib/gcc/arm-none-eabi/7.3.1/../../../../arm-none-eabi/lib/thumb/v7e-m/fpv5/hard/libc_nano.a(lib_a-impure.o)
 .data._impure_ptr
                0x0000000000000000        0x4 /home/gireesh/programs/stm32cubeide/plugins/com.st.stm32cube.ide.mcu.externaltools.gnu-tools-for-stm32.7-2018-q2-update.linux64_1.4.0.202007081208/tools/bin/../lib/gcc/arm-none-eabi/7.3.1/../../../../arm-none-eabi/lib/thumb/v7e-m/fpv5/hard/libc_nano.a(lib_a-impure.o)
 .data.impure_data
                0x0000000000000000       0x60 /home/gireesh/programs/stm32cubeide/plugins/com.st.stm32cube.ide.mcu.externaltools.gnu-tools-for-stm32.7-2018-q2-update.linux64_1.4.0.202007081208/tools/bin/../lib/gcc/arm-none-eabi/7.3.1/../../../../arm-none-eabi/lib/thumb/v7e-m/fpv5/hard/libc_nano.a(lib_a-impure.o)
 .rodata._global_impure_ptr
                0x0000000000000000        0x4 /home/gireesh/programs/stm32cubeide/plugins/com.st.stm32cube.ide.mcu.externaltools.gnu-tools-for-stm32.7-2018-q2-update.linux64_1.4.0.202007081208/tools/bin/../lib/gcc/arm-none-eabi/7.3.1/../../../../arm-none-eabi/lib/thumb/v7e-m/fpv5/hard/libc_nano.a(lib_a-impure.o)
 .ARM.attributes
                0x0000000000000000       0x32 /home/gireesh/programs/stm32cubeide/plugins/com.st.stm32cube.ide.mcu.externaltools.gnu-tools-for-stm32.7-2018-q2-update.linux64_1.4.0.202007081208/tools/bin/../lib/gcc/arm-none-eabi/7.3.1/../../../../arm-none-eabi/lib/thumb/v7e-m/fpv5/hard/libc_nano.a(lib_a-impure.o)
 .text          0x0000000000000000        0x0 /home/gireesh/programs/stm32cubeide/plugins/com.st.stm32cube.ide.mcu.externaltools.gnu-tools-for-stm32.7-2018-q2-update.linux64_1.4.0.202007081208/tools/bin/../lib/gcc/arm-none-eabi/7.3.1/../../../../arm-none-eabi/lib/thumb/v7e-m/fpv5/hard/libc_nano.a(lib_a-init.o)
 .data          0x0000000000000000        0x0 /home/gireesh/programs/stm32cubeide/plugins/com.st.stm32cube.ide.mcu.externaltools.gnu-tools-for-stm32.7-2018-q2-update.linux64_1.4.0.202007081208/tools/bin/../lib/gcc/arm-none-eabi/7.3.1/../../../../arm-none-eabi/lib/thumb/v7e-m/fpv5/hard/libc_nano.a(lib_a-init.o)
 .bss           0x0000000000000000        0x0 /home/gireesh/programs/stm32cubeide/plugins/com.st.stm32cube.ide.mcu.externaltools.gnu-tools-for-stm32.7-2018-q2-update.linux64_1.4.0.202007081208/tools/bin/../lib/gcc/arm-none-eabi/7.3.1/../../../../arm-none-eabi/lib/thumb/v7e-m/fpv5/hard/libc_nano.a(lib_a-init.o)
 .text          0x0000000000000000        0x0 /home/gireesh/programs/stm32cubeide/plugins/com.st.stm32cube.ide.mcu.externaltools.gnu-tools-for-stm32.7-2018-q2-update.linux64_1.4.0.202007081208/tools/bin/../lib/gcc/arm-none-eabi/7.3.1/../../../../arm-none-eabi/lib/thumb/v7e-m/fpv5/hard/libc_nano.a(lib_a-memset.o)
 .data          0x0000000000000000        0x0 /home/gireesh/programs/stm32cubeide/plugins/com.st.stm32cube.ide.mcu.externaltools.gnu-tools-for-stm32.7-2018-q2-update.linux64_1.4.0.202007081208/tools/bin/../lib/gcc/arm-none-eabi/7.3.1/../../../../arm-none-eabi/lib/thumb/v7e-m/fpv5/hard/libc_nano.a(lib_a-memset.o)
 .bss           0x0000000000000000        0x0 /home/gireesh/programs/stm32cubeide/plugins/com.st.stm32cube.ide.mcu.externaltools.gnu-tools-for-stm32.7-2018-q2-update.linux64_1.4.0.202007081208/tools/bin/../lib/gcc/arm-none-eabi/7.3.1/../../../../arm-none-eabi/lib/thumb/v7e-m/fpv5/hard/libc_nano.a(lib_a-memset.o)
 .text.memset   0x0000000000000000       0x10 /home/gireesh/programs/stm32cubeide/plugins/com.st.stm32cube.ide.mcu.externaltools.gnu-tools-for-stm32.7-2018-q2-update.linux64_1.4.0.202007081208/tools/bin/../lib/gcc/arm-none-eabi/7.3.1/../../../../arm-none-eabi/lib/thumb/v7e-m/fpv5/hard/libc_nano.a(lib_a-memset.o)
 .debug_frame   0x0000000000000000       0x20 /home/gireesh/programs/stm32cubeide/plugins/com.st.stm32cube.ide.mcu.externaltools.gnu-tools-for-stm32.7-2018-q2-update.linux64_1.4.0.202007081208/tools/bin/../lib/gcc/arm-none-eabi/7.3.1/../../../../arm-none-eabi/lib/thumb/v7e-m/fpv5/hard/libc_nano.a(lib_a-memset.o)
 .ARM.attributes
                0x0000000000000000       0x32 /home/gireesh/programs/stm32cubeide/plugins/com.st.stm32cube.ide.mcu.externaltools.gnu-tools-for-stm32.7-2018-q2-update.linux64_1.4.0.202007081208/tools/bin/../lib/gcc/arm-none-eabi/7.3.1/../../../../arm-none-eabi/lib/thumb/v7e-m/fpv5/hard/libc_nano.a(lib_a-memset.o)
 .text          0x0000000000000000        0x0 /home/gireesh/programs/stm32cubeide/plugins/com.st.stm32cube.ide.mcu.externaltools.gnu-tools-for-stm32.7-2018-q2-update.linux64_1.4.0.202007081208/tools/bin/../lib/gcc/arm-none-eabi/7.3.1/thumb/v7e-m/fpv5/hard/crtend.o
 .data          0x0000000000000000        0x0 /home/gireesh/programs/stm32cubeide/plugins/com.st.stm32cube.ide.mcu.externaltools.gnu-tools-for-stm32.7-2018-q2-update.linux64_1.4.0.202007081208/tools/bin/../lib/gcc/arm-none-eabi/7.3.1/thumb/v7e-m/fpv5/hard/crtend.o
 .bss           0x0000000000000000        0x0 /home/gireesh/programs/stm32cubeide/plugins/com.st.stm32cube.ide.mcu.externaltools.gnu-tools-for-stm32.7-2018-q2-update.linux64_1.4.0.202007081208/tools/bin/../lib/gcc/arm-none-eabi/7.3.1/thumb/v7e-m/fpv5/hard/crtend.o
 .eh_frame      0x0000000000000000        0x4 /home/gireesh/programs/stm32cubeide/plugins/com.st.stm32cube.ide.mcu.externaltools.gnu-tools-for-stm32.7-2018-q2-update.linux64_1.4.0.202007081208/tools/bin/../lib/gcc/arm-none-eabi/7.3.1/thumb/v7e-m/fpv5/hard/crtend.o
 .ARM.attributes
                0x0000000000000000       0x32 /home/gireesh/programs/stm32cubeide/plugins/com.st.stm32cube.ide.mcu.externaltools.gnu-tools-for-stm32.7-2018-q2-update.linux64_1.4.0.202007081208/tools/bin/../lib/gcc/arm-none-eabi/7.3.1/thumb/v7e-m/fpv5/hard/crtend.o
 .text          0x0000000000000000        0x0 /home/gireesh/programs/stm32cubeide/plugins/com.st.stm32cube.ide.mcu.externaltools.gnu-tools-for-stm32.7-2018-q2-update.linux64_1.4.0.202007081208/tools/bin/../lib/gcc/arm-none-eabi/7.3.1/thumb/v7e-m/fpv5/hard/crtn.o
 .data          0x0000000000000000        0x0 /home/gireesh/programs/stm32cubeide/plugins/com.st.stm32cube.ide.mcu.externaltools.gnu-tools-for-stm32.7-2018-q2-update.linux64_1.4.0.202007081208/tools/bin/../lib/gcc/arm-none-eabi/7.3.1/thumb/v7e-m/fpv5/hard/crtn.o
 .bss           0x0000000000000000        0x0 /home/gireesh/programs/stm32cubeide/plugins/com.st.stm32cube.ide.mcu.externaltools.gnu-tools-for-stm32.7-2018-q2-update.linux64_1.4.0.202007081208/tools/bin/../lib/gcc/arm-none-eabi/7.3.1/thumb/v7e-m/fpv5/hard/crtn.o

Memory Configuration

Name             Origin             Length             Attributes
RAM              0x0000000020000000 0x0000000000080000 xrw
ROM              0x0000000008000000 0x0000000000200000 xr
*default*        0x0000000000000000 0xffffffffffffffff

Linker script and memory map

LOAD /home/gireesh/programs/stm32cubeide/plugins/com.st.stm32cube.ide.mcu.externaltools.gnu-tools-for-stm32.7-2018-q2-update.linux64_1.4.0.202007081208/tools/bin/../lib/gcc/arm-none-eabi/7.3.1/thumb/v7e-m/fpv5/hard/crti.o
LOAD /home/gireesh/programs/stm32cubeide/plugins/com.st.stm32cube.ide.mcu.externaltools.gnu-tools-for-stm32.7-2018-q2-update.linux64_1.4.0.202007081208/tools/bin/../lib/gcc/arm-none-eabi/7.3.1/thumb/v7e-m/fpv5/hard/crtbegin.o
LOAD /home/gireesh/programs/stm32cubeide/plugins/com.st.stm32cube.ide.mcu.externaltools.gnu-tools-for-stm32.7-2018-q2-update.linux64_1.4.0.202007081208/tools/bin/../lib/gcc/arm-none-eabi/7.3.1/../../../../arm-none-eabi/lib/thumb/v7e-m/fpv5/hard/crt0.o
LOAD Src/main.o
LOAD Src/syscalls.o
LOAD Src/sysmem.o
LOAD Startup/startup_stm32f767zitx.o
LOAD drivers/src/stm32f767xx.o
LOAD drivers/src/stm32f767xx_gpio.o
LOAD drivers/src/stm32f7xx_spi.o
START GROUP
LOAD /home/gireesh/programs/stm32cubeide/plugins/com.st.stm32cube.ide.mcu.externaltools.gnu-tools-for-stm32.7-2018-q2-update.linux64_1.4.0.202007081208/tools/bin/../lib/gcc/arm-none-eabi/7.3.1/../../../../arm-none-eabi/lib/thumb/v7e-m/fpv5/hard/libc_nano.a
LOAD /home/gireesh/programs/stm32cubeide/plugins/com.st.stm32cube.ide.mcu.externaltools.gnu-tools-for-stm32.7-2018-q2-update.linux64_1.4.0.202007081208/tools/bin/../lib/gcc/arm-none-eabi/7.3.1/../../../../arm-none-eabi/lib/thumb/v7e-m/fpv5/hard/libm.a
END GROUP
START GROUP
LOAD /home/gireesh/programs/stm32cubeide/plugins/com.st.stm32cube.ide.mcu.externaltools.gnu-tools-for-stm32.7-2018-q2-update.linux64_1.4.0.202007081208/tools/bin/../lib/gcc/arm-none-eabi/7.3.1/thumb/v7e-m/fpv5/hard/libgcc.a
LOAD /home/gireesh/programs/stm32cubeide/plugins/com.st.stm32cube.ide.mcu.externaltools.gnu-tools-for-stm32.7-2018-q2-update.linux64_1.4.0.202007081208/tools/bin/../lib/gcc/arm-none-eabi/7.3.1/../../../../arm-none-eabi/lib/thumb/v7e-m/fpv5/hard/libc_nano.a
END GROUP
START GROUP
LOAD /home/gireesh/programs/stm32cubeide/plugins/com.st.stm32cube.ide.mcu.externaltools.gnu-tools-for-stm32.7-2018-q2-update.linux64_1.4.0.202007081208/tools/bin/../lib/gcc/arm-none-eabi/7.3.1/thumb/v7e-m/fpv5/hard/libgcc.a
LOAD /home/gireesh/programs/stm32cubeide/plugins/com.st.stm32cube.ide.mcu.externaltools.gnu-tools-for-stm32.7-2018-q2-update.linux64_1.4.0.202007081208/tools/bin/../lib/gcc/arm-none-eabi/7.3.1/../../../../arm-none-eabi/lib/thumb/v7e-m/fpv5/hard/libc_nano.a
LOAD /home/gireesh/programs/stm32cubeide/plugins/com.st.stm32cube.ide.mcu.externaltools.gnu-tools-for-stm32.7-2018-q2-update.linux64_1.4.0.202007081208/tools/bin/../lib/gcc/arm-none-eabi/7.3.1/../../../../arm-none-eabi/lib/thumb/v7e-m/fpv5/hard/libnosys.a
END GROUP
START GROUP
LOAD /home/gireesh/programs/stm32cubeide/plugins/com.st.stm32cube.ide.mcu.externaltools.gnu-tools-for-stm32.7-2018-q2-update.linux64_1.4.0.202007081208/tools/bin/../lib/gcc/arm-none-eabi/7.3.1/thumb/v7e-m/fpv5/hard/libgcc.a
LOAD /home/gireesh/programs/stm32cubeide/plugins/com.st.stm32cube.ide.mcu.externaltools.gnu-tools-for-stm32.7-2018-q2-update.linux64_1.4.0.202007081208/tools/bin/../lib/gcc/arm-none-eabi/7.3.1/../../../../arm-none-eabi/lib/thumb/v7e-m/fpv5/hard/libc_nano.a
LOAD /home/gireesh/programs/stm32cubeide/plugins/com.st.stm32cube.ide.mcu.externaltools.gnu-tools-for-stm32.7-2018-q2-update.linux64_1.4.0.202007081208/tools/bin/../lib/gcc/arm-none-eabi/7.3.1/../../../../arm-none-eabi/lib/thumb/v7e-m/fpv5/hard/libnosys.a
END GROUP
LOAD /home/gireesh/programs/stm32cubeide/plugins/com.st.stm32cube.ide.mcu.externaltools.gnu-tools-for-stm32.7-2018-q2-update.linux64_1.4.0.202007081208/tools/bin/../lib/gcc/arm-none-eabi/7.3.1/thumb/v7e-m/fpv5/hard/crtend.o
LOAD /home/gireesh/programs/stm32cubeide/plugins/com.st.stm32cube.ide.mcu.externaltools.gnu-tools-for-stm32.7-2018-q2-update.linux64_1.4.0.202007081208/tools/bin/../lib/gcc/arm-none-eabi/7.3.1/thumb/v7e-m/fpv5/hard/crtn.o
                0x0000000020080000                _estack = (ORIGIN (RAM) + LENGTH (RAM))
                0x0000000000000200                _Min_Heap_Size = 0x200
                0x0000000000000400                _Min_Stack_Size = 0x400

.isr_vector     0x0000000008000000      0x1f8
                0x0000000008000000                . = ALIGN (0x4)
 *(.isr_vector)
 .isr_vector    0x0000000008000000      0x1f8 Startup/startup_stm32f767zitx.o
                0x0000000008000000                g_pfnVectors
                0x00000000080001f8                . = ALIGN (0x4)

.text           0x00000000080001f8      0x68c
                0x00000000080001f8                . = ALIGN (0x4)
 *(.text)
 .text          0x00000000080001f8       0x40 /home/gireesh/programs/stm32cubeide/plugins/com.st.stm32cube.ide.mcu.externaltools.gnu-tools-for-stm32.7-2018-q2-update.linux64_1.4.0.202007081208/tools/bin/../lib/gcc/arm-none-eabi/7.3.1/thumb/v7e-m/fpv5/hard/crtbegin.o
 *(.text*)
 .text.delay    0x0000000008000238       0x30 Src/main.o
                0x0000000008000238                delay
 .text.main     0x0000000008000268       0x84 Src/main.o
                0x0000000008000268                main
 .text.EXTI15_10_IRQHandler
                0x00000000080002ec       0x20 Src/main.o
                0x00000000080002ec                EXTI15_10_IRQHandler
 .text.Reset_Handler
                0x000000000800030c       0x50 Startup/startup_stm32f767zitx.o
                0x000000000800030c                Reset_Handler
 .text.Default_Handler
                0x000000000800035c        0x2 Startup/startup_stm32f767zitx.o
                0x000000000800035c                HASH_RNG_IRQHandler
                0x000000000800035c                EXTI2_IRQHandler
                0x000000000800035c                TIM8_CC_IRQHandler
                0x000000000800035c                DebugMon_Handler
                0x000000000800035c                UART8_IRQHandler
                0x000000000800035c                LP_Timer1_IRQHandler
                0x000000000800035c                SPI4_IRQHandler
                0x000000000800035c                TIM1_CC_IRQHandler
                0x000000000800035c                QuadSPI_IRQHandler
                0x000000000800035c                DMA2_Stream5_IRQHandler
                0x000000000800035c                HardFault_Handler
                0x000000000800035c                JPEG_IRQHandler
                0x000000000800035c                DSIHOST_IRQHandler
                0x000000000800035c                DMA1_Stream5_IRQHandler
                0x000000000800035c                SysTick_Handler
                0x000000000800035c                CAN3_RX1_IRQHandler
                0x000000000800035c                PVD_IRQHandler
                0x000000000800035c                TAMP_STAMP_IRQHandler
                0x000000000800035c                PendSV_Handler
                0x000000000800035c                NMI_Handler
                0x000000000800035c                CAN2_RX1_IRQHandler
                0x000000000800035c                EXTI3_IRQHandler
                0x000000000800035c                TIM8_TRG_COM_TIM14_IRQHandler
                0x000000000800035c                DFSDM1_FLT1_IRQHandler
                0x000000000800035c                TIM1_UP_TIM10_IRQHandler
                0x000000000800035c                TIM8_UP_TIM13_IRQHandler
                0x000000000800035c                I2C3_ER_IRQHandler
                0x000000000800035c                DFSDM1_FLT2_IRQHandler
                0x000000000800035c                LCD_TFT_IRQHandler
                0x000000000800035c                EXTI0_IRQHandler
                0x000000000800035c                I2C2_EV_IRQHandler
                0x000000000800035c                DMA1_Stream2_IRQHandler
                0x000000000800035c                CAN1_RX0_IRQHandler
                0x000000000800035c                FPU_IRQHandler
                0x000000000800035c                OTG_HS_WKUP_IRQHandler
                0x000000000800035c                CAN3_SCE_IRQHandler
                0x000000000800035c                UsageFault_Handler
                0x000000000800035c                CAN2_SCE_IRQHandler
                0x000000000800035c                DMA2_Stream2_IRQHandler
                0x000000000800035c                SPI1_IRQHandler
                0x000000000800035c                TIM6_DAC_IRQHandler
                0x000000000800035c                TIM1_BRK_TIM9_IRQHandler
                0x000000000800035c                DCMI_IRQHandler
                0x000000000800035c                CAN2_RX0_IRQHandler
                0x000000000800035c                DMA2_Stream3_IRQHandler
                0x000000000800035c                RTC_ALARM_IRQHandler
                0x000000000800035c                SAI2_IRQHandler
                0x000000000800035c                DFSDM1_FLT3_IRQHandler
                0x000000000800035c                USART6_IRQHandler
                0x000000000800035c                CAN3_RX0_IRQHandler
                0x000000000800035c                USART3_IRQHandler
                0x000000000800035c                CRYP_IRQHandler
                0x000000000800035c                CAN1_RX1_IRQHandler
                0x000000000800035c                UART5_IRQHandler
                0x000000000800035c                DMA2_Stream0_IRQHandler
                0x000000000800035c                TIM4_IRQHandler
                0x000000000800035c                I2C1_EV_IRQHandler
                0x000000000800035c                DMA1_Stream6_IRQHandler
                0x000000000800035c                DMA1_Stream1_IRQHandler
                0x000000000800035c                UART4_IRQHandler
                0x000000000800035c                LCD_TFT_1_IRQHandler
                0x000000000800035c                TIM3_IRQHandler
                0x000000000800035c                RCC_IRQHandler
                0x000000000800035c                TIM8_BRK_TIM12_IRQHandler
                0x000000000800035c                Default_Handler
                0x000000000800035c                ADC_IRQHandler
                0x000000000800035c                DMA1_Stream7_IRQHandler
                0x000000000800035c                SPI5_IRQHandler
                0x000000000800035c                TIM7_IRQHandler
                0x000000000800035c                SDMMC1_IRQHandler
                0x000000000800035c                CAN2_TX_IRQHandler
                0x000000000800035c                TIM5_IRQHandler
                0x000000000800035c                DMA2_Stream7_IRQHandler
                0x000000000800035c                I2C3_EV_IRQHandler
                0x000000000800035c                EXTI9_5_IRQHandler
                0x000000000800035c                RTC_WKUP_IRQHandler
                0x000000000800035c                ETH_WKUP_IRQHandler
                0x000000000800035c                SPI2_IRQHandler
                0x000000000800035c                OTG_HS_EP1_IN_IRQHandler
                0x000000000800035c                MemManage_Handler
                0x000000000800035c                DMA1_Stream0_IRQHandler
                0x000000000800035c                CAN1_TX_IRQHandler
                0x000000000800035c                SVC_Handler
                0x000000000800035c                EXTI4_IRQHandler
                0x000000000800035c                ETH_IRQHandler
                0x000000000800035c                OTG_HS_EP1_OUT_IRQHandler
                0x000000000800035c                WWDG_IRQHandler
                0x000000000800035c                SPI6_IRQHandler
                0x000000000800035c                MDIOS_IRQHandler
                0x000000000800035c                I2C4_EV_IRQHandler
                0x000000000800035c                CAN3_TX_IRQHandler
                0x000000000800035c                TIM2_IRQHandler
                0x000000000800035c                OTG_FS_WKUP_IRQHandler
                0x000000000800035c                TIM1_TRG_COM_TIM11_IRQHandler
                0x000000000800035c                OTG_HS_IRQHandler
                0x000000000800035c                DMA2D_IRQHandler
                0x000000000800035c                EXTI1_IRQHandler
                0x000000000800035c                SDMMC2_IRQHandler
                0x000000000800035c                UART7_IRQHandler
                0x000000000800035c                USART2_IRQHandler
                0x000000000800035c                DFSDM1_FLT0_IRQHandler
                0x000000000800035c                I2C2_ER_IRQHandler
                0x000000000800035c                SPDIFRX_IRQHandler
                0x000000000800035c                DMA2_Stream1_IRQHandler
                0x000000000800035c                CAN1_SCE_IRQHandler
                0x000000000800035c                FLASH_IRQHandler
                0x000000000800035c                DMA2_Stream4_IRQHandler
                0x000000000800035c                BusFault_Handler
                0x000000000800035c                USART1_IRQHandler
                0x000000000800035c                OTG_FS_IRQHandler
                0x000000000800035c                SPI3_IRQHandler
                0x000000000800035c                DMA1_Stream4_IRQHandler
                0x000000000800035c                I2C1_ER_IRQHandler
                0x000000000800035c                FMC_IRQHandler
                0x000000000800035c                I2C4_ER_IRQHandler
                0x000000000800035c                DMA2_Stream6_IRQHandler
                0x000000000800035c                SAI1_IRQHandler
                0x000000000800035c                DMA1_Stream3_IRQHandler
 *fill*         0x000000000800035e        0x2 
 .text.exti_init
                0x0000000008000360      0x120 drivers/src/stm32f767xx.o
                0x0000000008000360                exti_init
 .text.IRQ_Configure
                0x0000000008000480       0xac drivers/src/stm32f767xx.o
                0x0000000008000480                IRQ_Configure
 .text.GPIO_Init
                0x000000000800052c       0xca drivers/src/stm32f767xx_gpio.o
                0x000000000800052c                GPIO_Init
 *fill*         0x00000000080005f6        0x2 
 .text.RCC_GPIO_ClkCtrl
                0x00000000080005f8      0x1d0 drivers/src/stm32f767xx_gpio.o
                0x00000000080005f8                RCC_GPIO_ClkCtrl
 .text.GPIO_TogglePin
                0x00000000080007c8       0x2a drivers/src/stm32f767xx_gpio.o
                0x00000000080007c8                GPIO_TogglePin
 *fill*         0x00000000080007f2        0x2 
 .text.GPIO_IRQ_Handler
                0x00000000080007f4       0x30 drivers/src/stm32f767xx_gpio.o
                0x00000000080007f4                GPIO_IRQ_Handler
 .text.__libc_init_array
                0x0000000008000824       0x48 /home/gireesh/programs/stm32cubeide/plugins/com.st.stm32cube.ide.mcu.externaltools.gnu-tools-for-stm32.7-2018-q2-update.linux64_1.4.0.202007081208/tools/bin/../lib/gcc/arm-none-eabi/7.3.1/../../../../arm-none-eabi/lib/thumb/v7e-m/fpv5/hard/libc_nano.a(lib_a-init.o)
                0x0000000008000824                __libc_init_array
 *(.glue_7)
 .glue_7        0x000000000800086c        0x0 linker stubs
 *(.glue_7t)
 .glue_7t       0x000000000800086c        0x0 linker stubs
 *(.eh_frame)
 .eh_frame      0x000000000800086c        0x0 /home/gireesh/programs/stm32cubeide/plugins/com.st.stm32cube.ide.mcu.externaltools.gnu-tools-for-stm32.7-2018-q2-update.linux64_1.4.0.202007081208/tools/bin/../lib/gcc/arm-none-eabi/7.3.1/thumb/v7e-m/fpv5/hard/crtbegin.o
 *(.init)
 .init          0x000000000800086c        0x4 /home/gireesh/programs/stm32cubeide/plugins/com.st.stm32cube.ide.mcu.externaltools.gnu-tools-for-stm32.7-2018-q2-update.linux64_1.4.0.202007081208/tools/bin/../lib/gcc/arm-none-eabi/7.3.1/thumb/v7e-m/fpv5/hard/crti.o
                0x000000000800086c                _init
 .init          0x0000000008000870        0x8 /home/gireesh/programs/stm32cubeide/plugins/com.st.stm32cube.ide.mcu.externaltools.gnu-tools-for-stm32.7-2018-q2-update.linux64_1.4.0.202007081208/tools/bin/../lib/gcc/arm-none-eabi/7.3.1/thumb/v7e-m/fpv5/hard/crtn.o
 *(.fini)
 .fini          0x0000000008000878        0x4 /home/gireesh/programs/stm32cubeide/plugins/com.st.stm32cube.ide.mcu.externaltools.gnu-tools-for-stm32.7-2018-q2-update.linux64_1.4.0.202007081208/tools/bin/../lib/gcc/arm-none-eabi/7.3.1/thumb/v7e-m/fpv5/hard/crti.o
                0x0000000008000878                _fini
 .fini          0x000000000800087c        0x8 /home/gireesh/programs/stm32cubeide/plugins/com.st.stm32cube.ide.mcu.externaltools.gnu-tools-for-stm32.7-2018-q2-update.linux64_1.4.0.202007081208/tools/bin/../lib/gcc/arm-none-eabi/7.3.1/thumb/v7e-m/fpv5/hard/crtn.o
                0x0000000008000884                . = ALIGN (0x4)
                0x0000000008000884                _etext = .

.vfp11_veneer   0x0000000008000884        0x0
 .vfp11_veneer  0x0000000008000884        0x0 linker stubs

.v4_bx          0x0000000008000884        0x0
 .v4_bx         0x0000000008000884        0x0 linker stubs

.iplt           0x0000000008000884        0x0
 .iplt          0x0000000008000884        0x0 /home/gireesh/programs/stm32cubeide/plugins/com.st.stm32cube.ide.mcu.externaltools.gnu-tools-for-stm32.7-2018-q2-update.linux64_1.4.0.202007081208/tools/bin/../lib/gcc/arm-none-eabi/7.3.1/thumb/v7e-m/fpv5/hard/crtbegin.o

.rel.dyn        0x0000000008000884        0x0
 .rel.iplt      0x0000000008000884        0x0 /home/gireesh/programs/stm32cubeide/plugins/com.st.stm32cube.ide.mcu.externaltools.gnu-tools-for-stm32.7-2018-q2-update.linux64_1.4.0.202007081208/tools/bin/../lib/gcc/arm-none-eabi/7.3.1/thumb/v7e-m/fpv5/hard/crtbegin.o

.rodata         0x0000000008000884        0x0
                0x0000000008000884                . = ALIGN (0x4)
 *(.rodata)
 *(.rodata*)
                0x0000000008000884                . = ALIGN (0x4)

.ARM.extab      0x0000000008000884        0x0
                0x0000000008000884                . = ALIGN (0x4)
 *(.ARM.extab* .gnu.linkonce.armextab.*)
                0x0000000008000884                . = ALIGN (0x4)

.ARM            0x0000000008000884        0x0
                0x0000000008000884                . = ALIGN (0x4)
                0x0000000008000884                __exidx_start = .
 *(.ARM.exidx*)
                0x0000000008000884                __exidx_end = .
                0x0000000008000884                . = ALIGN (0x4)

.preinit_array  0x0000000008000884        0x0
                0x0000000008000884                . = ALIGN (0x4)
                0x0000000008000884                PROVIDE (__preinit_array_start = .)
 *(.preinit_array*)
                0x0000000008000884                PROVIDE (__preinit_array_end = .)
                0x0000000008000884                . = ALIGN (0x4)

.init_array     0x0000000008000884        0x4
                0x0000000008000884                . = ALIGN (0x4)
                0x0000000008000884                PROVIDE (__init_array_start = .)
 *(SORT_BY_NAME(.init_array.*))
 *(.init_array*)
 .init_array    0x0000000008000884        0x4 /home/gireesh/programs/stm32cubeide/plugins/com.st.stm32cube.ide.mcu.externaltools.gnu-tools-for-stm32.7-2018-q2-update.linux64_1.4.0.202007081208/tools/bin/../lib/gcc/arm-none-eabi/7.3.1/thumb/v7e-m/fpv5/hard/crtbegin.o
                0x0000000008000888                PROVIDE (__init_array_end = .)
                0x0000000008000888                . = ALIGN (0x4)

.fini_array     0x0000000008000888        0x4
                0x0000000008000888                . = ALIGN (0x4)
                [!provide]                        PROVIDE (__fini_array_start = .)
 *(SORT_BY_NAME(.fini_array.*))
 *(.fini_array*)
 .fini_array    0x0000000008000888        0x4 /home/gireesh/programs/stm32cubeide/plugins/com.st.stm32cube.ide.mcu.externaltools.gnu-tools-for-stm32.7-2018-q2-update.linux64_1.4.0.202007081208/tools/bin/../lib/gcc/arm-none-eabi/7.3.1/thumb/v7e-m/fpv5/hard/crtbegin.o
                [!provide]                        PROVIDE (__fini_array_end = .)
                0x000000000800088c                . = ALIGN (0x4)
                0x000000000800088c                _sidata = LOADADDR (.data)

.data           0x0000000020000000        0x0 load address 0x000000000800088c
                0x0000000020000000                . = ALIGN (0x4)
                0x0000000020000000                _sdata = .
 *(.data)
 *(.data*)
                0x0000000020000000                . = ALIGN (0x4)
                0x0000000020000000                _edata = .

.igot.plt       0x0000000020000000        0x0 load address 0x000000000800088c
 .igot.plt      0x0000000020000000        0x0 /home/gireesh/programs/stm32cubeide/plugins/com.st.stm32cube.ide.mcu.externaltools.gnu-tools-for-stm32.7-2018-q2-update.linux64_1.4.0.202007081208/tools/bin/../lib/gcc/arm-none-eabi/7.3.1/thumb/v7e-m/fpv5/hard/crtbegin.o
                0x0000000020000000                . = ALIGN (0x4)

.bss            0x0000000020000000       0x1c load address 0x000000000800088c
                0x0000000020000000                _sbss = .
                0x0000000020000000                __bss_start__ = _sbss
 *(.bss)
 .bss           0x0000000020000000       0x1c /home/gireesh/programs/stm32cubeide/plugins/com.st.stm32cube.ide.mcu.externaltools.gnu-tools-for-stm32.7-2018-q2-update.linux64_1.4.0.202007081208/tools/bin/../lib/gcc/arm-none-eabi/7.3.1/thumb/v7e-m/fpv5/hard/crtbegin.o
 *(.bss*)
 *(COMMON)
                0x000000002000001c                . = ALIGN (0x4)
                0x000000002000001c                _ebss = .
                0x000000002000001c                __bss_end__ = _ebss

._user_heap_stack
                0x000000002000001c      0x604 load address 0x000000000800088c
                0x0000000020000020                . = ALIGN (0x8)
 *fill*         0x000000002000001c        0x4 
                [!provide]                        PROVIDE (end = .)
                0x0000000020000020                PROVIDE (_end = .)
                0x0000000020000220                . = (. + _Min_Heap_Size)
 *fill*         0x0000000020000020      0x200 
                0x0000000020000620                . = (. + _Min_Stack_Size)
 *fill*         0x0000000020000220      0x400 
                0x0000000020000620                . = ALIGN (0x8)

/DISCARD/
 libc.a(*)
 libm.a(*)
 libgcc.a(*)

.ARM.attributes
                0x0000000000000000       0x2e
 *(.ARM.attributes)
 .ARM.attributes
                0x0000000000000000       0x20 /home/gireesh/programs/stm32cubeide/plugins/com.st.stm32cube.ide.mcu.externaltools.gnu-tools-for-stm32.7-2018-q2-update.linux64_1.4.0.202007081208/tools/bin/../lib/gcc/arm-none-eabi/7.3.1/thumb/v7e-m/fpv5/hard/crti.o
 .ARM.attributes
                0x0000000000000020       0x32 /home/gireesh/programs/stm32cubeide/plugins/com.st.stm32cube.ide.mcu.externaltools.gnu-tools-for-stm32.7-2018-q2-update.linux64_1.4.0.202007081208/tools/bin/../lib/gcc/arm-none-eabi/7.3.1/thumb/v7e-m/fpv5/hard/crtbegin.o
 .ARM.attributes
                0x0000000000000052       0x32 Src/main.o
 .ARM.attributes
                0x0000000000000084       0x21 Startup/startup_stm32f767zitx.o
 .ARM.attributes
                0x00000000000000a5       0x32 drivers/src/stm32f767xx.o
 .ARM.attributes
                0x00000000000000d7       0x32 drivers/src/stm32f767xx_gpio.o
 .ARM.attributes
                0x0000000000000109       0x32 /home/gireesh/programs/stm32cubeide/plugins/com.st.stm32cube.ide.mcu.externaltools.gnu-tools-for-stm32.7-2018-q2-update.linux64_1.4.0.202007081208/tools/bin/../lib/gcc/arm-none-eabi/7.3.1/../../../../arm-none-eabi/lib/thumb/v7e-m/fpv5/hard/libc_nano.a(lib_a-init.o)
 .ARM.attributes
                0x000000000000013b       0x20 /home/gireesh/programs/stm32cubeide/plugins/com.st.stm32cube.ide.mcu.externaltools.gnu-tools-for-stm32.7-2018-q2-update.linux64_1.4.0.202007081208/tools/bin/../lib/gcc/arm-none-eabi/7.3.1/thumb/v7e-m/fpv5/hard/crtn.o
OUTPUT(udemy.elf elf32-littlearm)

.debug_info     0x0000000000000000     0x11d2
 .debug_info    0x0000000000000000      0x43b Src/main.o
 .debug_info    0x000000000000043b       0x22 Startup/startup_stm32f767zitx.o
 .debug_info    0x000000000000045d      0x61e drivers/src/stm32f767xx.o
 .debug_info    0x0000000000000a7b      0x757 drivers/src/stm32f767xx_gpio.o

.debug_abbrev   0x0000000000000000      0x3ba
 .debug_abbrev  0x0000000000000000      0x126 Src/main.o
 .debug_abbrev  0x0000000000000126       0x12 Startup/startup_stm32f767zitx.o
 .debug_abbrev  0x0000000000000138      0x112 drivers/src/stm32f767xx.o
 .debug_abbrev  0x000000000000024a      0x170 drivers/src/stm32f767xx_gpio.o

.debug_aranges  0x0000000000000000       0xe0
 .debug_aranges
                0x0000000000000000       0x30 Src/main.o
 .debug_aranges
                0x0000000000000030       0x28 Startup/startup_stm32f767zitx.o
 .debug_aranges
                0x0000000000000058       0x28 drivers/src/stm32f767xx.o
 .debug_aranges
                0x0000000000000080       0x60 drivers/src/stm32f767xx_gpio.o

.debug_ranges   0x0000000000000000       0xa8
 .debug_ranges  0x0000000000000000       0x20 Src/main.o
 .debug_ranges  0x0000000000000020       0x20 Startup/startup_stm32f767zitx.o
 .debug_ranges  0x0000000000000040       0x18 drivers/src/stm32f767xx.o
 .debug_ranges  0x0000000000000058       0x50 drivers/src/stm32f767xx_gpio.o

.debug_macro    0x0000000000000000     0x130b
 .debug_macro   0x0000000000000000       0x70 Src/main.o
 .debug_macro   0x0000000000000070      0xa96 Src/main.o
 .debug_macro   0x0000000000000b06       0x22 Src/main.o
 .debug_macro   0x0000000000000b28       0x8e Src/main.o
 .debug_macro   0x0000000000000bb6       0x51 Src/main.o
 .debug_macro   0x0000000000000c07      0x103 Src/main.o
 .debug_macro   0x0000000000000d0a       0x6a Src/main.o
 .debug_macro   0x0000000000000d74      0x1df Src/main.o
 .debug_macro   0x0000000000000f53      0x2dc Src/main.o
 .debug_macro   0x000000000000122f       0x6c drivers/src/stm32f767xx.o
 .debug_macro   0x000000000000129b       0x70 drivers/src/stm32f767xx_gpio.o

.debug_line     0x0000000000000000      0x8f8
 .debug_line    0x0000000000000000      0x21b Src/main.o
 .debug_line    0x000000000000021b       0x84 Startup/startup_stm32f767zitx.o
 .debug_line    0x000000000000029f      0x24f drivers/src/stm32f767xx.o
 .debug_line    0x00000000000004ee      0x40a drivers/src/stm32f767xx_gpio.o

.debug_str      0x0000000000000000     0x52e0
 .debug_str     0x0000000000000000     0x4f3b Src/main.o
                                       0x50ad (size before relaxing)
 .debug_str     0x0000000000004f3b       0x31 Startup/startup_stm32f767zitx.o
                                         0x6e (size before relaxing)
 .debug_str     0x0000000000004f6c      0x29b drivers/src/stm32f767xx.o
                                       0x50eb (size before relaxing)
 .debug_str     0x0000000000005207       0xd9 drivers/src/stm32f767xx_gpio.o
                                       0x51f8 (size before relaxing)

.comment        0x0000000000000000       0x1e
 .comment       0x0000000000000000       0x1e Src/main.o
                                         0x1f (size before relaxing)
 .comment       0x000000000000001e       0x1f drivers/src/stm32f767xx.o
 .comment       0x000000000000001e       0x1f drivers/src/stm32f767xx_gpio.o

.debug_frame    0x0000000000000000      0x278
 .debug_frame   0x0000000000000000       0x74 Src/main.o
 .debug_frame   0x0000000000000074       0x60 drivers/src/stm32f767xx.o
 .debug_frame   0x00000000000000d4      0x178 drivers/src/stm32f767xx_gpio.o
 .debug_frame   0x000000000000024c       0x2c /home/gireesh/programs/stm32cubeide/plugins/com.st.stm32cube.ide.mcu.externaltools.gnu-tools-for-stm32.7-2018-q2-update.linux64_1.4.0.202007081208/tools/bin/../lib/gcc/arm-none-eabi/7.3.1/../../../../arm-none-eabi/lib/thumb/v7e-m/fpv5/hard/libc_nano.a(lib_a-init.o)
